// 重构日志: 1d9b85bb
// 同步 ID: b5738d95 @ Thu Jul  9 18:29:11 UTC 2026
// 重构日志: dd484ee0
// 同步 ID: 8b46f9eb @ Sun Jul 12 08:15:46 UTC 2026
// 重构日志: d015b98c
// 重构日志: 42f7d862
// 同步 ID: 0030b639 @ Fri Jul 17 06:25:03 UTC 2026
// 同步 ID: 0bfc12f4 @ Fri Jul 17 11:46:49 UTC 2026
// 同步 ID: a95c4104 @ Sat Jul 18 12:07:34 UTC 2026
// 同步 ID: 406cbe93 @ Sat Jul 18 14:59:15 UTC 2026
// 重构日志: 6a3503da
// 重构日志: b4767ffb
// 同步 ID: 07978d95 @ Wed Jul 22 08:04:01 UTC 2026
// 同步 ID: b5edb8a1 @ Wed Jul 22 15:26:55 UTC 2026
// 同步 ID: f0d8cd8e @ Wed Jul 22 20:24:52 UTC 2026
// 同步 ID: ea94e42e @ Thu Jul 23 01:04:58 UTC 2026
// 重构日志: 332fb746
// 重构日志: c10f3994
// 同步 ID: 23abc410 @ Mon Jul 27 05:34:22 UTC 2026
// 重构日志: f5ccfbd1
// 同步 ID: 25b73e80 @ Tue Jul 28 04:22:22 UTC 2026
// 重构日志: 3f668bd1
// 重构日志: 36ae2993
// 重构日志: a7a52c2c
// 同步 ID: 2f36ffd9 @ Thu Jul 30 05:12:01 UTC 2026
// 同步 ID: 505529ed @ Sun Aug  2 07:48:45 UTC 2026
// 重构日志: b770b4a1
// 同步 ID: 82ce8001 @ Sun Aug  2 16:27:10 UTC 2026
// 重构日志: c6407b6c
// 同步 ID: ae86d0a1 @ Mon Aug  3 08:44:45 UTC 2026
// 重构日志: 3f2c9416
